# Stage 1 packages
# These packages will be installed into the tarball staging directory but their
# files will be excluded from the tarball itself.
# Packages may be separated by newline or whitespace.  Actual whitespace must
# be quoted.
e2fsprogs
java-1.4.2-gcj-compat
java-1.5.0-gcj
java-1.6.0-openjdk
java-1.7.0-openjdk
java-1.7.0-openjdk-devel
kernel
info
openldap-clients
perl
rpm
wget
yum
zip
# X libraries
libXau
libXdmcp
libX11
libXext
libXfixes
libXi
libXtst
libXft
libXrender
libXrandr
libXcursor
libXinerama
# x apps
xterm


# extras from diffing the packages 'Installed for dependencies' for
# @lscsoft-all versus the package list of a brand-new SLF6 machine
ConsoleKit
ConsoleKit-libs
GConf2
ORBit2
acl
cdparanoia-libs
cloog-ppl
cpp
cups
cvs
cyrus-sasl
dbus
dbus-glib
desktop-file-utils
eggdbus
elfutils-libs
emacs-common
fipscheck
fipscheck-lib
gcc
gcc-c++
ghostscript
ghostscript-fonts
glibc-headers
hal-libs
kernel-headers
lcms-libs
libIDL
libXaw
libXmu
libXpm
libXt
libXv
libXxf86vm
libcap-ng
libcroco
libedit
libgomp
libgsf
libmng
libogg
librsvg2
libstdc++-devel
libtheora
libvorbis
libxml2-python
m4
mesa-dri-drivers
mesa-dri-filesystem
mesa-dri1-drivers
mesa-libGL
mesa-libGLU
mesa-private-llvm
mpfr
mysql-libs
openjpeg-libs
openssh
openssh-clients
perl-URI
phonon-backend-gstreamer
polkit
poppler
poppler-data
poppler-utils
portreserve
ppl
qt
qt-sqlite
qt-x11
rsync
sgml-common
slang
tcsh
tmpwatch
urw-fonts
vim-minimal
xdg-utils
xorg-x11-xauth

